// Jest Snapshot v1, https://goo.gl/fbAQLP

exports[`Theme button Component renders correctly 1`] = `
<button
  className="theme_btn test-class"
  onClick={[MockFunction]}
>
  Click Me
</button>
`;
